#query_name	percentage_identity	evalue	bit_score	tax_id	kingdom	catorgory	alien_index	species	description	comments
g1.t1 gene=g1	26.3	2.5e-43	186.4	44415	Eukaryota	nonmetazoan	98.094868	Eimeria mitis	hypothetical protein EMH_0078480 [Eimeria mitis]	potantial_HGT
#g2.t1 gene=g1	26.3	2.5e-43	186.4	44415	Eukaryota	nonmetazoan	98.094868	Eimeria mitis	hypothetical protein EMH_0078480 [Eimeria mitis]	potantial_HGT
g3.t1 gene=g1	26.3	2.5e-43	186.4	44415	Eukaryota	nonmetazoan	98.094868	Eimeria mitis	hypothetical protein EMH_0078480 [Eimeria mitis]	potantial_HGT
g4.t1 gene=g1	26.3	2.5e-43	186.4	44415	Eukaryota	nonmetazoan	98.094868	Eimeria mitis	hypothetical protein EMH_0078480 [Eimeria mitis]	potantial_HGT
g5.t1 gene=g1	26.3	2.5e-43	186.4	44415	Eukaryota	nonmetazoan	98.094868	Eimeria mitis	hypothetical protein EMH_0078480 [Eimeria mitis]	potantial_HGT






#Rp1_bad	AUGUSTUS	gene	8529	9092	.	-	.	ID=g1.t1.gene1;Parent=g1.t1;
#Rp2_good	AUGUSTUS	gene	9225	9442	.	-	.	ID=g2.t1.gene2;Parent=g1.t1;
#Rp2_good	AUGUSTUS	gene	9539	9874	.	-	.	ID=g3.t1.gene3;Parent=g1.t1;
#Rp3_bad	AUGUSTUS	gene	9941	10133	.	-	.	ID=g4.t1.gene4;Parent=g1.t1;
#Rp3_bad	AUGUSTUS	gene	10227	10529	.	-	.	ID=g5.t1.gene5;Parent=g1.t1;
#Rp4	AUGUSTUS	gene	13637	15133	.	-	.	ID=g6.t1.gene6;Parent=g1.t1;
#Rp4	AUGUSTUS	gene	17488	17709	.	-	.	ID=g7.t1.gene7;Parent=g1.t1;